#-----------------------------------------------------------
# Vivado v2020.2 (64-bit)
# SW Build 3064766 on Wed Nov 18 09:12:45 MST 2020
# IP Build 3064653 on Wed Nov 18 14:17:31 MST 2020
# Start of session at: Wed Aug 21 19:44:45 2024
# Process ID: 29248
# Current directory: E:/fpga/xilinx/CPU/cpu
# Command line: vivado.exe -gui_launcher_event rodinguilauncherevent19536 E:\fpga\xilinx\CPU\cpu\cpu.xpr
# Log file: E:/fpga/xilinx/CPU/cpu/vivado.log
# Journal file: E:/fpga/xilinx/CPU/cpu\vivado.jou
#-----------------------------------------------------------
start_gui
open_project E:/fpga/xilinx/CPU/cpu/cpu.xpr
update_compile_order -fileset sources_1
reset_run synth_1
launch_runs impl_1 -to_step write_bitstream -jobs 10
wait_on_run impl_1
reset_run synth_1
launch_runs impl_1 -to_step write_bitstream -jobs 10
wait_on_run impl_1
reset_run synth_1
launch_runs impl_1 -to_step write_bitstream -jobs 10
wait_on_run impl_1
open_hw_manager
connect_hw_server -allow_non_jtag
open_hw_target
set_property PROGRAM.FILE {E:/fpga/xilinx/CPU/cpu/cpu.runs/impl_1/cpu.bin} [get_hw_devices xc7a35t_0]
set_property PROBES.FILE {E:/fpga/xilinx/CPU/cpu/cpu.runs/impl_1/cpu.ltx} [get_hw_devices xc7a35t_0]
set_property FULL_PROBES.FILE {E:/fpga/xilinx/CPU/cpu/cpu.runs/impl_1/cpu.ltx} [get_hw_devices xc7a35t_0]
current_hw_device [get_hw_devices xc7a35t_0]
refresh_hw_device [lindex [get_hw_devices xc7a35t_0] 0]
create_hw_cfgmem -hw_device [get_hw_devices xc7a35t_0] -mem_dev [lindex [get_cfgmem_parts {mt25ql128-spi-x1_x2_x4}] 0]
set_property PROBES.FILE {E:/fpga/xilinx/CPU/cpu/cpu.runs/impl_1/cpu.ltx} [get_hw_devices xc7a35t_0]
set_property FULL_PROBES.FILE {E:/fpga/xilinx/CPU/cpu/cpu.runs/impl_1/cpu.ltx} [get_hw_devices xc7a35t_0]
set_property PROGRAM.FILE {E:/fpga/xilinx/CPU/cpu/cpu.runs/impl_1/cpu.bin} [get_hw_devices xc7a35t_0]
program_hw_devices [get_hw_devices xc7a35t_0]
refresh_hw_device [lindex [get_hw_devices xc7a35t_0] 0]
display_hw_ila_data [ get_hw_ila_data hw_ila_data_1 -of_objects [get_hw_ilas -of_objects [get_hw_devices xc7a35t_0] -filter {CELL_NAME=~"u_ram/your_instance_name"}]]
display_hw_ila_data [ get_hw_ila_data hw_ila_data_2 -of_objects [get_hw_ilas -of_objects [get_hw_devices xc7a35t_0] -filter {CELL_NAME=~"your_instance_name"}]]
run_hw_ila [get_hw_ilas -of_objects [get_hw_devices xc7a35t_0] -filter {CELL_NAME=~"u_ram/your_instance_name"}]
run_hw_ila [get_hw_ilas -of_objects [get_hw_devices xc7a35t_0] -filter {CELL_NAME=~"your_instance_name"}]
wait_on_hw_ila [get_hw_ilas -of_objects [get_hw_devices xc7a35t_0] -filter {CELL_NAME=~"your_instance_name"}]
display_hw_ila_data [upload_hw_ila_data [get_hw_ilas -of_objects [get_hw_devices xc7a35t_0] -filter {CELL_NAME=~"your_instance_name"}]]
run_hw_ila [get_hw_ilas -of_objects [get_hw_devices xc7a35t_0] -filter {CELL_NAME=~"your_instance_name"}]
wait_on_hw_ila [get_hw_ilas -of_objects [get_hw_devices xc7a35t_0] -filter {CELL_NAME=~"your_instance_name"}]
display_hw_ila_data [upload_hw_ila_data [get_hw_ilas -of_objects [get_hw_devices xc7a35t_0] -filter {CELL_NAME=~"your_instance_name"}]]
run_hw_ila [get_hw_ilas -of_objects [get_hw_devices xc7a35t_0] -filter {CELL_NAME=~"your_instance_name"}]
wait_on_hw_ila [get_hw_ilas -of_objects [get_hw_devices xc7a35t_0] -filter {CELL_NAME=~"your_instance_name"}]
display_hw_ila_data [upload_hw_ila_data [get_hw_ilas -of_objects [get_hw_devices xc7a35t_0] -filter {CELL_NAME=~"your_instance_name"}]]
set_property TRIGGER_COMPARE_VALUE eq1'bR [get_hw_probes sys_rst_n_ila -of_objects [get_hw_ilas -of_objects [get_hw_devices xc7a35t_0] -filter {CELL_NAME=~"your_instance_name"}]]
run_hw_ila [get_hw_ilas -of_objects [get_hw_devices xc7a35t_0] -filter {CELL_NAME=~"your_instance_name"}]
wait_on_hw_ila [get_hw_ilas -of_objects [get_hw_devices xc7a35t_0] -filter {CELL_NAME=~"u_ram/your_instance_name"}]\
  [get_hw_ilas -of_objects [get_hw_devices xc7a35t_0] -filter {CELL_NAME=~"your_instance_name"}]
display_hw_ila_data [upload_hw_ila_data [get_hw_ilas -of_objects [get_hw_devices xc7a35t_0] -filter {CELL_NAME=~"u_ram/your_instance_name"}]]
display_hw_ila_data [upload_hw_ila_data [get_hw_ilas -of_objects [get_hw_devices xc7a35t_0] -filter {CELL_NAME=~"your_instance_name"}]]
reset_run synth_1
launch_runs impl_1 -to_step write_bitstream -jobs 10
wait_on_run impl_1
reset_run synth_1
launch_runs impl_1 -to_step write_bitstream -jobs 10
wait_on_run impl_1
reset_run synth_1
launch_runs impl_1 -to_step write_bitstream -jobs 10
wait_on_run impl_1
reset_run synth_1
launch_runs impl_1 -to_step write_bitstream -jobs 10
wait_on_run impl_1
get_ports alu_out_en
reset_run synth_1
launch_runs impl_1 -to_step write_bitstream -jobs 10
wait_on_run impl_1
disconnect_hw_server localhost:3121
connect_hw_server -allow_non_jtag
open_hw_target
disconnect_hw_server localhost:3121
connect_hw_server -allow_non_jtag
open_hw_target
set_property PROGRAM.FILE {E:/fpga/xilinx/CPU/cpu/cpu.runs/impl_1/cpu.bin} [get_hw_devices xc7a35t_0]
set_property PROBES.FILE {E:/fpga/xilinx/CPU/cpu/cpu.runs/impl_1/cpu.ltx} [get_hw_devices xc7a35t_0]
set_property FULL_PROBES.FILE {E:/fpga/xilinx/CPU/cpu/cpu.runs/impl_1/cpu.ltx} [get_hw_devices xc7a35t_0]
current_hw_device [get_hw_devices xc7a35t_0]
refresh_hw_device [lindex [get_hw_devices xc7a35t_0] 0]
create_hw_cfgmem -hw_device [get_hw_devices xc7a35t_0] -mem_dev [lindex [get_cfgmem_parts {mt25ql128-spi-x1_x2_x4}] 0]
set_property PROBES.FILE {E:/fpga/xilinx/CPU/cpu/cpu.runs/impl_1/cpu.ltx} [get_hw_devices xc7a35t_0]
set_property FULL_PROBES.FILE {E:/fpga/xilinx/CPU/cpu/cpu.runs/impl_1/cpu.ltx} [get_hw_devices xc7a35t_0]
set_property PROGRAM.FILE {E:/fpga/xilinx/CPU/cpu/cpu.runs/impl_1/cpu.bin} [get_hw_devices xc7a35t_0]
program_hw_devices [get_hw_devices xc7a35t_0]
refresh_hw_device [lindex [get_hw_devices xc7a35t_0] 0]
display_hw_ila_data [ get_hw_ila_data hw_ila_data_1 -of_objects [get_hw_ilas -of_objects [get_hw_devices xc7a35t_0] -filter {CELL_NAME=~"u_ram/your_instance_name"}]]
display_hw_ila_data [ get_hw_ila_data hw_ila_data_2 -of_objects [get_hw_ilas -of_objects [get_hw_devices xc7a35t_0] -filter {CELL_NAME=~"your_instance_name"}]]
reset_run impl_1 -prev_step 
launch_runs impl_1 -to_step write_bitstream -jobs 10
wait_on_run impl_1
disconnect_hw_server localhost:3121
connect_hw_server -allow_non_jtag
disconnect_hw_server localhost:3121
connect_hw_server -allow_non_jtag
open_hw_target
set_property PROGRAM.FILE {E:/fpga/xilinx/CPU/cpu/cpu.runs/impl_1/cpu.bin} [get_hw_devices xc7a35t_0]
set_property PROBES.FILE {E:/fpga/xilinx/CPU/cpu/cpu.runs/impl_1/cpu.ltx} [get_hw_devices xc7a35t_0]
set_property FULL_PROBES.FILE {E:/fpga/xilinx/CPU/cpu/cpu.runs/impl_1/cpu.ltx} [get_hw_devices xc7a35t_0]
current_hw_device [get_hw_devices xc7a35t_0]
refresh_hw_device [lindex [get_hw_devices xc7a35t_0] 0]
create_hw_cfgmem -hw_device [get_hw_devices xc7a35t_0] -mem_dev [lindex [get_cfgmem_parts {mt25ql128-spi-x1_x2_x4}] 0]
set_property PROBES.FILE {E:/fpga/xilinx/CPU/cpu/cpu.runs/impl_1/cpu.ltx} [get_hw_devices xc7a35t_0]
set_property FULL_PROBES.FILE {E:/fpga/xilinx/CPU/cpu/cpu.runs/impl_1/cpu.ltx} [get_hw_devices xc7a35t_0]
set_property PROGRAM.FILE {E:/fpga/xilinx/CPU/cpu/cpu.runs/impl_1/cpu.bin} [get_hw_devices xc7a35t_0]
program_hw_devices [get_hw_devices xc7a35t_0]
refresh_hw_device [lindex [get_hw_devices xc7a35t_0] 0]
display_hw_ila_data [ get_hw_ila_data hw_ila_data_1 -of_objects [get_hw_ilas -of_objects [get_hw_devices xc7a35t_0] -filter {CELL_NAME=~"u_ram/your_instance_name"}]]
display_hw_ila_data [ get_hw_ila_data hw_ila_data_2 -of_objects [get_hw_ilas -of_objects [get_hw_devices xc7a35t_0] -filter {CELL_NAME=~"your_instance_name"}]]
set_property PROBES.FILE {E:/fpga/xilinx/CPU/cpu/cpu.runs/impl_1/cpu.ltx} [get_hw_devices xc7a35t_0]
set_property FULL_PROBES.FILE {E:/fpga/xilinx/CPU/cpu/cpu.runs/impl_1/cpu.ltx} [get_hw_devices xc7a35t_0]
set_property PROGRAM.FILE {E:/fpga/xilinx/CPU/cpu/cpu.runs/impl_1/cpu.bin} [get_hw_devices xc7a35t_0]
program_hw_devices [get_hw_devices xc7a35t_0]
refresh_hw_device [lindex [get_hw_devices xc7a35t_0] 0]
reset_run synth_1
launch_runs impl_1 -to_step write_bitstream -jobs 10
wait_on_run impl_1
set_property PROBES.FILE {E:/fpga/xilinx/CPU/cpu/cpu.runs/impl_1/cpu.ltx} [get_hw_devices xc7a35t_0]
set_property FULL_PROBES.FILE {E:/fpga/xilinx/CPU/cpu/cpu.runs/impl_1/cpu.ltx} [get_hw_devices xc7a35t_0]
set_property PROGRAM.FILE {E:/fpga/xilinx/CPU/cpu/cpu.runs/impl_1/cpu.bin} [get_hw_devices xc7a35t_0]
program_hw_devices [get_hw_devices xc7a35t_0]
refresh_hw_device [lindex [get_hw_devices xc7a35t_0] 0]
display_hw_ila_data [ get_hw_ila_data hw_ila_data_1 -of_objects [get_hw_ilas -of_objects [get_hw_devices xc7a35t_0] -filter {CELL_NAME=~"u_ram/your_instance_name"}]]
display_hw_ila_data [ get_hw_ila_data hw_ila_data_2 -of_objects [get_hw_ilas -of_objects [get_hw_devices xc7a35t_0] -filter {CELL_NAME=~"your_instance_name"}]]
set_property PROBES.FILE {E:/fpga/xilinx/CPU/cpu/cpu.runs/impl_1/cpu.ltx} [get_hw_devices xc7a35t_0]
set_property FULL_PROBES.FILE {E:/fpga/xilinx/CPU/cpu/cpu.runs/impl_1/cpu.ltx} [get_hw_devices xc7a35t_0]
set_property PROGRAM.FILE {E:/fpga/xilinx/CPU/cpu/cpu.runs/impl_1/cpu.bin} [get_hw_devices xc7a35t_0]
program_hw_devices [get_hw_devices xc7a35t_0]
refresh_hw_device [lindex [get_hw_devices xc7a35t_0] 0]
display_hw_ila_data [ get_hw_ila_data hw_ila_data_1 -of_objects [get_hw_ilas -of_objects [get_hw_devices xc7a35t_0] -filter {CELL_NAME=~"u_ram/your_instance_name"}]]
display_hw_ila_data [ get_hw_ila_data hw_ila_data_2 -of_objects [get_hw_ilas -of_objects [get_hw_devices xc7a35t_0] -filter {CELL_NAME=~"your_instance_name"}]]
reset_run synth_1
launch_runs impl_1 -to_step write_bitstream -jobs 10
wait_on_run impl_1
set_property PROBES.FILE {E:/fpga/xilinx/CPU/cpu/cpu.runs/impl_1/cpu.ltx} [get_hw_devices xc7a35t_0]
set_property FULL_PROBES.FILE {E:/fpga/xilinx/CPU/cpu/cpu.runs/impl_1/cpu.ltx} [get_hw_devices xc7a35t_0]
set_property PROGRAM.FILE {E:/fpga/xilinx/CPU/cpu/cpu.runs/impl_1/cpu.bin} [get_hw_devices xc7a35t_0]
program_hw_devices [get_hw_devices xc7a35t_0]
refresh_hw_device [lindex [get_hw_devices xc7a35t_0] 0]
display_hw_ila_data [ get_hw_ila_data hw_ila_data_1 -of_objects [get_hw_ilas -of_objects [get_hw_devices xc7a35t_0] -filter {CELL_NAME=~"u_ram/your_instance_name"}]]
display_hw_ila_data [ get_hw_ila_data hw_ila_data_2 -of_objects [get_hw_ilas -of_objects [get_hw_devices xc7a35t_0] -filter {CELL_NAME=~"your_instance_name"}]]
resreset_run impl_1 -prev_step 
launch_runs impl_1 -to_step write_bitstream -jobs 10
wait_on_run impl_1
reset_run impl_1 -prev_step 
launch_runs impl_1 -to_step write_bitstream -jobs 10
wait_on_run impl_1
reset_run impl_1 -prev_step 
launch_runs impl_1 -to_step write_bitstream -jobs 10
wait_on_run impl_1
reset_run impl_1 -prev_step 
launch_runs impl_1 -to_step write_bitstream -jobs 10
wait_on_run impl_1
reset_run impl_1 -prev_step 
launch_runs impl_1 -to_step write_bitstream -jobs 10
wait_on_run impl_1
w_devices xc7a35t_0]
refresh_hw_device [lindex [get_hw_devices xc7a35t_0] 0]
create_hw_cfgmem -hw_device [get_hw_devices xc7a35t_0] -mem_dev [lindex [get_cfgmem_parts {mt25ql128-spi-x1_x2_x4}] 0]
set_property PROBES.FILE {E:/fpga/xilinx/CPU/cpu/cpu.runs/impl_1/cpu.ltx} [get_hw_devices xc7a35t_0]
set_property FULL_PROBES.FILE {E:/fpga/xilinx/CPU/cpu/cpu.runs/impl_1/cpu.ltx} [get_hw_devices xc7a35t_0]
set_property PROGRAM.FILE {E:/fpga/xilinx/CPU/cpu/cpu.runs/impl_1/cpu.bin} [get_hw_devices xc7a35t_0]
program_hw_devices [get_hw_devices xc7a35t_0]
refresh_hw_device [lindex [get_hw_devices xc7a35t_0] 0]
display_hw_ila_data [ get_hw_ila_data hw_ila_data_1 -of_objects [get_hw_ilas -of_objects [get_hw_devices xc7a35t_0] -filter {CELL_NAME=~"u_ram/your_instance_name"}]]
display_hw_ila_data [ get_hw_ila_data hw_ila_data_2 -of_objects [get_hw_ilas -of_objects [get_hw_devices xc7a35t_0] -filter {CELL_NAME=~"your_instance_name"}]]
reset_run synth_1
launch_runs impl_1 -to_step write_bitstream -jobs 10
wait_on_run impl_1
set_property PROBES.FILE {E:/fpga/xilinx/CPU/cpu/cpu.runs/impl_1/cpu.ltx} [get_hw_devices xc7a35t_0]
set_property FULL_PROBES.FILE {E:/fpga/xilinx/CPU/cpu/cpu.runs/impl_1/cpu.ltx} [get_hw_devices xc7a35t_0]
set_property PROGRAM.FILE {E:/fpga/xilinx/CPU/cpu/cpu.runs/impl_1/cpu.bin} [get_hw_devices xc7a35t_0]
program_hw_devices [get_hw_devices xc7a35t_0]
refresh_hw_device [lindex [get_hw_devices xc7a35t_0] 0]
display_hw_ila_data [ get_hw_ila_data hw_ila_data_1 -of_objects [get_hw_ilas -of_objects [get_hw_devices xc7a35t_0] -filter {CELL_NAME=~"u_ram/your_instance_name"}]]
display_hw_ila_data [ get_hw_ila_data hw_ila_data_2 -of_objects [get_hw_ilas -of_objects [get_hw_devices xc7a35t_0] -filter {CELL_NAME=~"your_instance_name"}]]
reset_run synth_1
launch_runs impl_1 -to_step write_bitstream -jobs 10
wait_on_run impl_1
reset_run synth_1
launch_runs impl_1 -to_step write_bitstream -jobs 10
wait_on_run impl_1
